CCS PCH C Compiler, Version 5.076, 56587               10-may.-24 12:37

               Filename:   D:\Temporizadores\Temporizador.lst

               ROM used:   250 bytes (1%)
                           Largest free fragment is 32514
               RAM used:   26 (1%) at main() level
                           27 (1%) worst case
               Stack used: 1 locations (0 in main + 1 for interrupts)
               Stack size: 31

*
0000:  GOTO   00CC
*
0008:  MOVWF  04
000A:  MOVFF  FD8,05
000E:  MOVFF  FE0,06
0012:  MOVLB  0
0014:  MOVFF  FE9,0C
0018:  MOVFF  FEA,07
001C:  MOVFF  FE1,08
0020:  MOVFF  FE2,09
0024:  MOVFF  FD9,0A
0028:  MOVFF  FDA,0B
002C:  MOVFF  FF3,12
0030:  MOVFF  FF4,13
0034:  MOVFF  FFA,14
0038:  MOVFF  FF5,15
003C:  MOVFF  FF6,16
0040:  MOVFF  FF7,17
0044:  MOVFF  00,0E
0048:  MOVFF  01,0F
004C:  MOVFF  02,10
0050:  MOVFF  03,11
0054:  BTFSS  F9D.0
0056:  GOTO   0060
005A:  BTFSC  F9E.0
005C:  GOTO   00AE
0060:  MOVFF  0E,00
0064:  MOVFF  0F,01
0068:  MOVFF  10,02
006C:  MOVFF  11,03
0070:  MOVFF  0C,FE9
0074:  MOVFF  07,FEA
0078:  BSF    07.7
007A:  MOVFF  08,FE1
007E:  MOVFF  09,FE2
0082:  MOVFF  0A,FD9
0086:  MOVFF  0B,FDA
008A:  MOVFF  12,FF3
008E:  MOVFF  13,FF4
0092:  MOVFF  14,FFA
0096:  MOVFF  15,FF5
009A:  MOVFF  16,FF6
009E:  MOVFF  17,FF7
00A2:  MOVF   04,W
00A4:  MOVFF  06,FE0
00A8:  MOVFF  05,FD8
00AC:  RETFIE 0
.................... #include <18F2550.h> 
.................... //////////// Standard Header file for the PIC18F2550 device //////////////// 
.................... /////////////////////////////////////////////////////////////////////////// 
.................... ////        (C) Copyright 1996, 2014 Custom Computer Services          //// 
.................... //// This source code may only be used by licensed users of the CCS C  //// 
.................... //// compiler.  This source code may only be distributed to other      //// 
.................... //// licensed users of the CCS C compiler.  No other use, reproduction //// 
.................... //// or distribution is permitted without written permission.          //// 
.................... //// Derivative programs created using this software in object code    //// 
.................... //// form are not restricted in any way.                               //// 
.................... /////////////////////////////////////////////////////////////////////////// 
.................... #device PIC18F2550 
....................  
.................... #list 
....................  
.................... #fuses XT, NOWDT, NOPUT, NOLVP, NOPROTECT, BROWNOUT 
.................... #use delay(clock=4M) 
.................... #use standard_io(B) 
....................  
.................... // Contador para controlar las interrupciones de Timer1 
.................... int contador_timer1 = 0; 
....................  
.................... #INT_TIMER1 
.................... void timer1_interrupcion() { 
....................    contador_timer1++; // Incrementar contador de Timer1 
00AE:  INCF   19,F
....................    output_toggle(PIN_B0); // Alternar estado del primer LED cada 1 segundo 
00B0:  BCF    F93.0
00B2:  BTG    F8A.0
....................     
....................    if (contador_timer1 % 2 == 0) { 
00B4:  MOVF   19,W
00B6:  ANDLW  01
00B8:  BNZ   00BE
....................       output_toggle(PIN_B1); // Alternar estado del segundo LED cada vez que se alcanzan 2 segundos 
00BA:  BCF    F93.1
00BC:  BTG    F8A.1
....................    } 
....................  
....................    if (contador_timer1 >= 2) { 
00BE:  MOVF   19,W
00C0:  SUBLW  01
00C2:  BC    00C6
....................       contador_timer1 = 0; // Reiniciar contador de Timer1 
00C4:  CLRF   19
....................    } 
00C6:  BCF    F9E.0
00C8:  GOTO   0060
.................... } 
....................  
.................... void main() { 
00CC:  CLRF   FF8
00CE:  BCF    FD0.7
00D0:  BSF    07.7
00D2:  CLRF   19
00D4:  MOVF   FC1,W
00D6:  ANDLW  C0
00D8:  IORLW  0F
00DA:  MOVWF  FC1
00DC:  MOVLW  07
00DE:  MOVWF  FB4
....................   set_tris_b(0x00); // Configurar B0 y B1 como salidas 
00E0:  MOVLW  00
00E2:  MOVWF  F93
....................  
....................   // Configurar Timer1 para 1 segundo 
....................   setup_timer_1(T1_INTERNAL | T1_DIV_BY_8); 
00E4:  MOVLW  B5
00E6:  MOVWF  FCD
....................   set_timer1(15536); // Carga para contar 1 segundo 
00E8:  MOVLW  3C
00EA:  MOVWF  FCF
00EC:  MOVLW  B0
00EE:  MOVWF  FCE
....................  
....................   enable_interrupts(INT_TIMER1); // Habilitar interrupción de Timer1 
00F0:  BSF    F9D.0
....................   enable_interrupts(GLOBAL);    // Habilitar todas las interrupciones globales 
00F2:  MOVLW  C0
00F4:  IORWF  FF2,F
....................  
....................   output_high(PIN_B0); // Encender PIN RB0 inicialmente 
00F6:  BCF    F93.0
00F8:  BSF    F8A.0
....................  
....................   while(true) { 
00FA:  BRA    00FA
....................     // El bucle principal está vacío; el parpadeo de los LEDs se maneja totalmente desde las interrupciones 
....................   } 
.................... } 
....................  
00FC:  SLEEP 

Configuration Fuses:
   Word  1: C03F   PLL12 CPUDIV4 USBDIV XT FCMEN IESO
   Word  2: 1E3F   NOPUT BROWNOUT BORV21 VREGEN NOWDT WDT32768
   Word  3: 8700   CCP2C1 PBADEN LPT1OSC MCLR
   Word  4: 0081   STVREN NOLVP NOXINST NODEBUG
   Word  5: C00F   NOPROTECT NOCPB NOCPD
   Word  6: E00F   NOWRT NOWRTC NOWRTB NOWRTD
   Word  7: 400F   NOEBTR NOEBTRB
